
> hub-system@1.0.0 test
> jest --runInBand

node.exe : FAIL hub-system-tests tests/unit/middleware.test.js
At line:1 char:1
+ & "C:\Program Files\nodejs/node.exe" "C:\Program Files\nodejs/node_mo ...
+ ~~~~~~~~~~~~~~~~~~~~~~~~~~~~~~~~~~~~~~~~~~~~~~~~~~~~~~~~~~~~~~~~~~~~~
    + CategoryInfo          : NotSpecified: (FAIL hub-system...dleware.test.js 
   :String) [], RemoteException
    + FullyQualifiedErrorId : NativeCommandError
 
  Authentication Middleware
    Token Validation
      ΓêÜ should validate Bearer token header (8 ms)
      ΓêÜ should extract token from Bearer header (2 ms)
      ΓêÜ should reject missing token (3 ms)
      ΓêÜ should reject malformed token (1 ms)
    Token Expiry
      ΓêÜ should generate token with expiry (1 ms)
      ΓêÜ should reject expired tokens (1 ms)
    User Context
      ΓêÜ should extract user_id from token (1 ms)
      ΓêÜ should extract business context from token (1 ms)
      ΓêÜ should extract role from token (2 ms)
    Session Management
      ΓêÜ should include session JTI (1 ms)
      ΓêÜ should have unique JTI per session (2 ms)
    Permission Checking
      ΓêÜ should verify user is active (1 ms)
      ΓêÜ should reject inactive users (1 ms)
      ΓêÜ should check business membership (1 ms)
    Security Headers
      ΓêÜ should include authorization header (2 ms)
      ΓêÜ should support custom auth schemes (1 ms)
  Error Handling Middleware
    Error Response Format
      ΓêÜ should format validation errors (1 ms)
      ΓêÜ should format authorization errors (1 ms)
      ΓêÜ should format not found errors (1 ms)
      ΓêÜ should format server errors (1 ms)
    Error Status Codes
      ΓêÜ should use 400 for bad request (1 ms)
      ΓêÜ should use 401 for unauthorized (1 ms)
      ΓêÜ should use 403 for forbidden (1 ms)
      ΓêÜ should use 404 for not found (1 ms)
      ΓêÜ should use 409 for conflict (1 ms)
      ΓêÜ should use 500 for server error (1 ms)
    Error Logging
      ΓêÜ should log error message (1 ms)
      ΓêÜ should include error context
  Rate Limiter Middleware
    Rate Limit Configuration
      ΓêÜ should enforce per-IP limits
      ΓêÜ should support custom windows (1 ms)
    Login Rate Limiting
      ΓêÜ should enforce stricter login limits (1 ms)
      ΓêÜ should lock account after max attempts
  Request Validation Middleware
    Body Validation
      ΓêÜ should validate required fields (1 ms)
      ΓêÜ should reject missing required fields (1 ms)
      ΓêÜ should validate email format (1 ms)
      ΓêÜ should validate number ranges (1 ms)
    Input Sanitization
      ΓêÜ should trim whitespace (1 ms)
      ΓêÜ should escape special characters
  Business Context Middleware
    Business Selection
      ΓêÜ should use default business if not specified (1 ms)
      ├ù should allow business override (2 ms)
      ΓêÜ should verify business membership (1 ms)
    Business Isolation
      ΓêÜ should inject business context into request (1 ms)
      ΓêÜ should prevent cross-business access (1 ms)

  ΓùÅ Business Context Middleware ΓÇ║ Business Selection ΓÇ║ should allow 
business override

    expect(received).toContain(expected) // indexOf

    Expected value: "biz2"
    Received array: ["00000000-0000-0000-0000-000000000201"]

    [0m [90m 314 |[39m       [36mconst[39m user [33m=[39m { 
[33m...[39m[33mTEST_USER[39m }[33m;[39m
     [90m 315 |[39m       [36mconst[39m selectedBusiness [33m=[39m 
[32m"biz2"[39m[33m;[39m
    [31m[1m>[22m[39m[90m 316 |[39m       expect(user[33m.[39mpermitted_
businesses)[33m.[39mtoContain([32m"biz2"[39m)[33m;[39m
     [90m     |[39m                                         
[31m[1m^[22m[39m
     [90m 317 |[39m     })[33m;[39m
     [90m 318 |[39m
     [90m 319 |[39m     it([32m"should verify business 
membership"[39m[33m,[39m () [33m=>[39m {[0m

      at Object.toContain (tests/unit/middleware.test.js:316:41)

FAIL hub-system-tests tests/unit/shared-services.test.js
  Notifications Service
    Notification Creation
      ΓêÜ should create valid notification (2 ms)
      ΓêÜ should route to recipient (1 ms)
      ΓêÜ should be unread by default (1 ms)
      ΓêÜ should support notification types (1 ms)
      ΓêÜ should include action URL (1 ms)
    Notification Status
      ΓêÜ should mark as read
      ├ù should track read timestamp
    Notification Delivery
      ΓêÜ should timestamp creation (1 ms)
  Documents Service
    Document Upload
      ΓêÜ should create valid document (1 ms)
      ΓêÜ should store file path (1 ms)
      ΓêÜ should track file size (1 ms)
      ΓêÜ should store MIME type
      ΓêÜ should track uploader (1 ms)
    Document Types
      ΓêÜ should support invoice documents (1 ms)
      ΓêÜ should support PO documents (1 ms)
      ΓêÜ should support contract documents (1 ms)
    Document Relationships
      ΓêÜ should link to related record (1 ms)
      ΓêÜ should support multiple relationship types (1 ms)
    Document Timestamps
      ΓêÜ should track creation (1 ms)
      ΓêÜ should track updates (1 ms)
  Staff Management
    Staff Creation
      ΓêÜ should create valid staff member (1 ms)
      ΓêÜ should store contact information (1 ms)
      ΓêÜ should track employment details
      ΓêÜ should set start date (1 ms)
      ΓêÜ should be active by default (1 ms)
    Employment Types
      ΓêÜ should support full_time employment
      ΓêÜ should support part_time employment
      ΓêÜ should support contract employment (1 ms)
    Staff Salary
      ΓêÜ should track salary (1 ms)
      ΓêÜ should support variable salaries (1 ms)
    Staff Status
      ΓêÜ should track active status (5 ms)
      ΓêÜ should track inactive staff (1 ms)
    Staff Timestamps
      ΓêÜ should track creation
      ΓêÜ should track updates
  Business Context
    ΓêÜ should isolate notifications by business (1 ms)
    ΓêÜ should isolate documents by business (1 ms)
    ΓêÜ should isolate staff by business

  ΓùÅ Notifications Service ΓÇ║ Notification Status ΓÇ║ should track read 
timestamp

    expect(received).toBeTruthy()

    Received: null

    [0m [90m 59 |[39m     it([32m"should track read 
timestamp"[39m[33m,[39m () [33m=>[39m {
     [90m 60 |[39m       [36mconst[39m notif [33m=[39m 
generateNotification([33mTEST_BUSINESS[39m[33m,[39m { read[33m:[39m 
[36mtrue[39m })[33m;[39m
    [31m[1m>[22m[39m[90m 61 |[39m       
expect(notif[33m.[39mread_at)[33m.[39mtoBeTruthy()[33m;[39m
     [90m    |[39m                             [31m[1m^[22m[39m
     [90m 62 |[39m     })[33m;[39m
     [90m 63 |[39m   })[33m;[39m
     [90m 64 |[39m[0m

      at Object.toBeTruthy (tests/unit/shared-services.test.js:61:29)

PASS hub-system-tests tests/unit/auth.test.js
  Authentication Service
    Token Generation
      ΓêÜ should generate a valid JWT token (2 ms)
      ΓêÜ should include user_id in token payload (1 ms)
      ΓêÜ should include role_id in token payload (1 ms)
      ΓêÜ should include business context in token (1 ms)
      ΓêÜ should support custom expiry times (1 ms)
      ΓêÜ should generate unique JTI for each token
    Auth Header Generation
      ΓêÜ should generate valid Bearer token header
      ΓêÜ should use generateToken internally (2 ms)
      ΓêÜ should support custom user (63 ms)
    Password Hashing
      ΓêÜ should hash password using bcrypt (61 ms)
      ΓêÜ should generate different hashes for same password (122 ms)
      ΓêÜ should use default password if not provided (62 ms)
    Test User Creation
      ΓêÜ should create test user with hashed password (61 ms)
      ΓêÜ should support property overrides (60 ms)
      ΓêÜ should preserve default values for non-overridden properties (60 ms)
      ΓêÜ should always hash password regardless of overrides (61 ms)
    Security Constants
      ΓêÜ should have valid test user structure (1 ms)
      ΓêÜ should have valid business context
      ΓêÜ should have no failed logins or locks by default (1 ms)

PASS hub-system-tests tests/unit/sales.test.js
  Sales Service
    Sales Order Creation
      ΓêÜ should create valid sales order (1 ms)
      ΓêÜ should generate unique SO number (1 ms)
      ΓêÜ should have pending status by default (1 ms)
      ΓêÜ should link to customer (1 ms)
      ΓêÜ should set SO date (2 ms)
      ΓêÜ should set delivery date (1 ms)
    SO Line Items
      ΓêÜ should have line items (1 ms)
      ΓêÜ should calculate line totals (1 ms)
      ΓêÜ should aggregate subtotal (1 ms)
    SO Amounts
      ΓêÜ should calculate tax (1 ms)
      ΓêÜ should calculate total (2 ms)
      ΓêÜ should support discounts (2 ms)
    SO Status Management
      ΓêÜ should support pending status (1 ms)
      ΓêÜ should support confirmed status (1 ms)
      ΓêÜ should support shipped status (1 ms)
      ΓêÜ should support delivered status (1 ms)
      ΓêÜ should support cancelled status
    SO Tracking
      ΓêÜ should track creation
      ΓêÜ should track creator (1 ms)
      ΓêÜ should track updates
    Customer Management
      ΓêÜ should link to customer contact (1 ms)
      ΓêÜ should support multiple customers (1 ms)
    Fulfillment & Shipping
      ΓêÜ should enable partial shipment
      ΓêÜ should track shipped status
    Business Context
      ΓêÜ should belong to specific business (6 ms)

PASS hub-system-tests tests/unit/reports.test.js
  Reports Service
    Report Generation
      ΓêÜ should create valid report (2 ms)
      ΓêÜ should have sales_summary type by default
      ΓêÜ should set period dates
      ΓêÜ should track report creator (1 ms)
      ΓêÜ should timestamp generation
    Report Types
      ΓêÜ should support sales_summary
      ΓêÜ should support revenue_summary (1 ms)
      ΓêÜ should support inventory_summary
      ΓêÜ should support expense_summary (3 ms)
      ΓêÜ should support customer_analysis (1 ms)
      ΓêÜ should support financial_summary
    Report Data
      ΓêÜ should include summary statistics
      ΓêÜ should aggregate metrics (1 ms)
      ΓêÜ should calculate performance metrics
    Report Scheduling
      ΓêÜ should support manual generation
      ΓêÜ should support scheduled generation (1 ms)
      ΓêÜ should support daily reports
      ΓêÜ should support weekly reports (1 ms)
      ΓêÜ should support monthly reports (1 ms)
      ΓêÜ should support quarterly reports (1 ms)
      ΓêÜ should support annual reports
    Report Distribution
      ΓêÜ should support email distribution (1 ms)
      ΓêÜ should support download
      ΓêÜ should include recipients list (1 ms)
    Period Selection
      ΓêÜ should generate monthly reports (1 ms)
      ΓêÜ should generate quarterly reports (1 ms)
    Report Access
      ΓêÜ should track report owner
      ΓêÜ should control access by business (1 ms)
    Report Caching
      ΓêÜ should be cacheable (1 ms)
    Business Context
      ΓêÜ should belong to specific business

PASS hub-system-tests tests/integration/jobs.test.js
  Scheduled Jobs
    Job Execution
      ΓêÜ should track job execution (1 ms)
      ΓêÜ should track success/failure
    Job Scheduling
      ΓêÜ should support daily jobs (1 ms)
      ΓêÜ should support weekly jobs
      ΓêÜ should support hourly jobs (1 ms)
    Session Cleanup
      ΓêÜ should remove expired sessions (1 ms)
    Reservation Expiration
      ΓêÜ should expire old reservations
    Payment Reminders
      ΓêÜ should send payment reminders for overdue invoices (1 ms)
    Webhook Retry
      ΓêÜ should retry failed webhooks
      ΓêÜ should stop retrying after max attempts
    Fiscal Period Generation
      ΓêÜ should generate monthly fiscal periods (1 ms)
    Stock Sync Jobs
      ΓêÜ should sync Shopify stock
      ΓêÜ should sync WooCommerce stock
    Currency Sync
      ΓêÜ should update currency rates (1 ms)
    Payroll Generation
      ΓêÜ should generate monthly payroll
    Campaign Publishing
      ΓêÜ should publish scheduled campaigns
    Job Error Handling
      ΓêÜ should track job failures (1 ms)
      ΓêÜ should notify on critical failures (1 ms)
    Job Monitoring
      ΓêÜ should track job duration (3 ms)
      ΓêÜ should alert on slow jobs

PASS hub-system-tests tests/unit/expenses.test.js
  Expenses Service
    Expense Creation
      ΓêÜ should create valid expense (2 ms)
      ΓêÜ should have draft status by default
      ΓêÜ should track amount
      ΓêÜ should set expense date (4 ms)
      ΓêÜ should track submitter (1 ms)
    Expense Categories
      ΓêÜ should support expense categories (1 ms)
    Expense Amounts
      ΓêÜ should handle various amounts
      ΓêÜ should support multiple currencies
    Expense Status
      ΓêÜ should track submission (1 ms)
      ΓêÜ should track approval
      ΓêÜ should track rejection (1 ms)
      ΓêÜ should track reimbursement
    Receipt Tracking
      ΓêÜ should track receipt number
      ΓêÜ should link to vendor (1 ms)
    Reimbursement
      ΓêÜ should flag reimbursable expenses
      ΓêÜ should track non-reimbursable expenses (1 ms)
    Approval Workflow
      ΓêÜ should require approval before reimbursement
      ΓêÜ should not reimburse rejected expenses (1 ms)
    Timestamps
      ΓêÜ should track creation (1 ms)
      ΓêÜ should track updates
    Business Context
      ΓêÜ should belong to specific business

PASS hub-system-tests tests/unit/logistics.test.js
  Logistics Service
    Shipment Creation
      ΓêÜ should create valid shipment (1 ms)
      ΓêÜ should have pending status by default
      ΓêÜ should track recipient information (1 ms)
      ΓêÜ should include location details
    Shipment Tracking
      ΓêÜ should generate tracking number
      ΓêÜ should track carrier (1 ms)
      ΓêÜ should support multiple carriers (1 ms)
    Shipment Dates
      ΓêÜ should set pickup date
      ΓêÜ should set delivery date (1 ms)
    Shipment Status
      ΓêÜ should track pending status (1 ms)
      ΓêÜ should track picked_up status (1 ms)
      ΓêÜ should track in_transit status
      ΓêÜ should track delivered status
      ΓêÜ should track failed_delivery status (1 ms)
      ΓêÜ should track returned status (3 ms)
    Shipment Contents
      ΓêÜ should track item count
      ΓêÜ should track total weight (1 ms)
    Order Tracking
      ΓêÜ should link to order (1 ms)
    Business Context
      ΓêÜ should belong to specific business
    Delivery Analytics
      ΓêÜ should calculate delivery time (1 ms)
      ΓêÜ should track delivery success rate (1 ms)

PASS hub-system-tests tests/unit/crm.test.js
  CRM Service
    Deal Creation
      ΓêÜ should generate a valid deal (1 ms)
      ΓêÜ should default to lead stage
      ΓêÜ should assign to creating user by default
      ΓêÜ should allow custom assignment (1 ms)
      ΓêÜ should accept expected value and probability
      ΓêÜ should have a future close date (1 ms)
      ΓêÜ should support deal source (1 ms)
      ΓêÜ should track timestamps
    Pipeline Stages
      ΓêÜ should have all valid pipeline stages
      ΓêÜ should move deal from lead to qualified (1 ms)
      ΓêÜ should move deal to won (1 ms)
      ΓêÜ should move deal to lost with reason
      ΓêÜ should track stage change in activity log (1 ms)
    Pipeline Board View
      ΓêÜ should group deals by stage (1 ms)
      ΓêÜ should calculate total value per stage (1 ms)
      ΓêÜ should include empty stages in pipeline (1 ms)
    Activity Logging
      ΓêÜ should create a valid activity (1 ms)
      ΓêÜ should support activity types (1 ms)
      ΓêÜ should support inbound and outbound direction
      ΓêÜ should distinguish manual vs auto-logged activities (1 ms)
      ΓêÜ should track performing user (3 ms)
    Notes
      ΓêÜ should create a valid note (1 ms)
      ΓêÜ should not be pinned by default
      ΓêÜ should support pinning (1 ms)
      ΓêÜ should link to deal's contact (1 ms)
      ΓêÜ should track author
    Deal Updates
      ΓêÜ should update allowed fields (1 ms)
      ΓêÜ should preserve immutable fields on update
      ΓêÜ should reject update with no fields

PASS hub-system-tests tests/integration/webhooks.test.js
  Webhook Processing
    Payment Webhooks
      ΓêÜ should receive payment webhook (1 ms)
      ΓêÜ should identify charge success event (1 ms)
      ΓêÜ should extract charge details
      ΓêÜ should verify charge status (3 ms)
      ΓêÜ should extract currency
    Webhook Metadata
      ΓêÜ should include business context (1 ms)
      ΓêÜ should link to invoice
      ΓêÜ should support custom metadata
    Customer Information
      ΓêÜ should extract customer data (1 ms)
      ΓêÜ should identify customer from webhook
      ΓêÜ should support customer phone (1 ms)
    Webhook Events
      ΓêÜ should handle charge failed event (1 ms)
      ΓêÜ should handle refund event
      ΓêÜ should handle dispute event (1 ms)
      ΓêÜ should timestamp webhook event
    Payment Processing
      ΓêÜ should process successful payment (1 ms)
      ΓêÜ should generate payment reference (1 ms)
      ΓêÜ should match amount to invoice (1 ms)
    Webhook Security
      ΓêÜ should include webhook identifier (1 ms)
      ΓêÜ should timestamp when created (1 ms)
      ΓêÜ should link to business
      ΓêÜ should support webhook signature validation (1 ms)
    Error Handling
      ΓêÜ should handle failed charge gracefully
      ΓêÜ should retry failed webhooks (1 ms)
      ΓêÜ should log webhook events (1 ms)
    Multiple Payment Processors
      ΓêÜ should handle Paystack webhooks
      ΓêÜ should handle Flutterwave webhooks (1 ms)
      ΓêÜ should map different webhook formats (1 ms)
    Idempotency
      ΓêÜ should handle duplicate webhooks
      ΓêÜ should track webhook processing (1 ms)
    Invoice Updates
      ΓêÜ should update invoice payment status
      ΓêÜ should record payment transaction (1 ms)
      ΓêÜ should generate accounting entries (3 ms)
    Notification Triggers
      ΓêÜ should trigger payment confirmation (1 ms)
      ΓêÜ should notify customer of payment
      ΓêÜ should notify business of payment (1 ms)

PASS hub-system-tests tests/integration/pos.test.js
  POS Integration
    Sale Creation
      ΓêÜ should create POS sale (2 ms)
      ΓêÜ should generate unique sale number
      ΓêÜ should follow sale number format (1 ms)
      ΓêÜ should timestamp sale date (1 ms)
      ΓêÜ should track cashier
    Sale Items
      ΓêÜ should have line items (1 ms)
      ΓêÜ should calculate item total
      ΓêÜ should aggregate line totals
      ΓêÜ should support multiple items (1 ms)
    Tax Calculation
      ΓêÜ should calculate tax amount (2 ms)
      ΓêÜ should determine tax rate (1 ms)
      ΓêÜ should calculate final amount with tax
      ΓêÜ should handle tax-exempt items
    Payment Methods
      ΓêÜ should accept cash payment (1 ms)
      ΓêÜ should accept card payment (1 ms)
      ΓêÜ should accept mobile money payment (1 ms)
      ΓêÜ should accept bank transfer payment (1 ms)
      ΓêÜ should accept multiple payment methods (1 ms)
    Transaction Status
      ΓêÜ should mark sale as completed
      ΓêÜ should support transaction refund (1 ms)
      ΓêÜ should support transaction void
      ΓêÜ should track transaction timing (1 ms)
    Customer Information
      ΓêÜ should optionally track customer (1 ms)
      ΓêÜ should support anonymous customer
      ΓêÜ should enable loyalty tracking (1 ms)
    Receipt Generation
      ΓêÜ should provide receipt data
      ΓêÜ should format for printing
      ΓêÜ should include payment method on receipt (1 ms)
    Business Context
      ΓêÜ should belong to specific business
      ΓêÜ should respect business isolation (1 ms)
    Sale Reconciliation
      ΓêÜ should aggregate daily sales (1 ms)
      ΓêÜ should categorize by payment method
      ΓêÜ should calculate payment method totals (1 ms)
      ΓêÜ should track currency values (1 ms)
    Sale Validation
      ΓêÜ should require at least one item
      ΓêÜ should require payment method (1 ms)
      ΓêÜ should require positive total

PASS hub-system-tests tests/unit/stock.test.js
  Stock Management Service
    Stock Movement Creation
      ΓêÜ should create valid stock movement (1 ms)
      ΓêÜ should track balance changes (1 ms)
      ΓêÜ should support different movement types (1 ms)
      ΓêÜ should record movement reason
      ΓêÜ should track recording user
    Stock Quantity Management
      ΓêÜ should handle positive stock movements (1 ms)
      ΓêÜ should handle negative stock movements
      ΓêÜ should prevent negative stock (1 ms)
      ΓêÜ should calculate correct balances (1 ms)
    Product Valuation
      ΓêÜ should calculate stock value at cost
      ΓêÜ should calculate potential selling value (1 ms)
      ΓêÜ should calculate gross margin per unit (1 ms)
      ΓêÜ should calculate markup percentage (2 ms)
    Movement References
      ΓêÜ should link to source documents
      ΓêÜ should support multiple reference types (1 ms)
      ΓêÜ should link to business operations
    Stock Audit Trail
      ΓêÜ should timestamp all movements (1 ms)
      ΓêÜ should identify movement recorder
      ΓêÜ should track movement history (1 ms)
    Reorder Logic
      ΓêÜ should identify low stock (1 ms)
      ΓêÜ should calculate reorder quantity
      ΓêÜ should flag near-threshold stock (1 ms)
    Multi-Product Scenarios
      ΓêÜ should track multiple products (1 ms)
      ΓêÜ should aggregate inventory value
      ΓêÜ should identify inventory mix (1 ms)

PASS hub-system-tests tests/integration/purchasing.test.js
  Purchasing Workflow Integration
    PO Creation to Receipt
      ΓêÜ should create and confirm purchase order (2 ms)
      ΓêÜ should receive goods and update inventory (1 ms)
    Multi-Supplier Purchasing
      ΓêÜ should manage multiple POs from different suppliers (1 ms)
    PO Cost Analysis
      ΓêÜ should calculate total purchasing cost (1 ms)
      ΓêÜ should compare unit costs (1 ms)

PASS hub-system-tests tests/unit/purchasing.test.js
  Purchasing Service
    Supplier Management
      ΓêÜ should generate a valid supplier (1 ms)
      ΓêÜ should have payment terms (1 ms)
      ΓêÜ should support preferred currency (1 ms)
      ΓêÜ should be active by default
      ΓêÜ should auto-generate sequential codes (1 ms)
    RFQ Management
      ΓêÜ should create a valid RFQ (1 ms)
      ΓêÜ should have a future response deadline
      ΓêÜ should include line items (1 ms)
      ΓêÜ should support target pricing in lines (1 ms)
      ΓêÜ should track creator (1 ms)
    Purchase Order Creation
      ΓêÜ should create a valid PO (1 ms)
      ΓêÜ should start in draft status (1 ms)
      ΓêÜ should calculate subtotal from lines
      ΓêÜ should add charges to total
      ΓêÜ should support foreign currency (1 ms)
      ΓêÜ should have a future expected delivery date
      ΓêÜ should support PO statuses (1 ms)
    Goods Receipt
      ΓêÜ should create a valid goods receipt
      ΓêÜ should track receiver (1 ms)
      ΓêÜ should allow partial acceptance (1 ms)
      ΓêÜ should require rejection reason when rejecting items
      ΓêÜ should sum received + rejected to total received (1 ms)
      ΓêÜ should allow full acceptance (3 ms)
    PO Status Lifecycle
      ΓêÜ should progress from draft to sent
      ΓêÜ should mark as partially received when some lines received
      ΓêÜ should mark as fully received when all lines received (1 ms)

PASS hub-system-tests tests/unit/campaigns.test.js
  Campaigns Service
    Campaign Creation
      ΓêÜ should create valid campaign (2 ms)
      ΓêÜ should have draft status by default
      ΓêÜ should support campaign type (1 ms)
      ΓêÜ should track creator
      ΓêÜ should have timestamps (1 ms)
    Campaign Scheduling
      ΓêÜ should schedule campaign for future date (1 ms)
      ΓêÜ should validate schedule is in future
      ΓêÜ should support immediate launch (1 ms)
      ΓêÜ should track status transitions (3 ms)
    Campaign Targeting
      ΓêÜ should support audience targeting
      ΓêÜ should allow audience segmentation
      ΓêÜ should estimate audience size (1 ms)
    Campaign Content
      ΓêÜ should store campaign content
      ΓêÜ should support rich content (1 ms)
      ΓêÜ should handle personalization tokens
      ΓêÜ should validate content length (1 ms)
    Campaign Performance Tracking
      ΓêÜ should support custom campaign metadata (1 ms)
      ΓêÜ should identify campaign type for analytics
      ΓêÜ should support A/B testing variants (1 ms)
    Campaign Lifecycle
      ΓêÜ should transition from draft to active (1 ms)
      ΓêÜ should support campaign pause (1 ms)
      ΓêÜ should mark campaign as completed
      ΓêÜ should support campaign restart
      ΓêÜ should track updates
    Business Context
      ΓêÜ should belong to specific business (1 ms)
      ΓêÜ should support multi-business isolation (1 ms)
      ΓêÜ should track campaign creator
    Campaign Validation
      ΓêÜ should require campaign name (1 ms)
      ΓêÜ should require campaign type
      ΓêÜ should require content (1 ms)
      ΓêÜ should require target audience
      ΓêÜ should have valid scheduled date if provided

PASS hub-system-tests tests/integration/invoicing.test.js
  Invoicing Integration
    Invoice Lifecycle
      ΓêÜ should create draft invoice (1 ms)
      ΓêÜ should issue/publish invoice (2 ms)
      ΓêÜ should track unpaid status (1 ms)
      ΓêÜ should mark as partially paid (1 ms)
      ΓêÜ should mark as fully paid
    Invoice Generation
      ΓêÜ should generate unique invoice number (1 ms)
      ΓêÜ should follow numbering format (1 ms)
      ΓêÜ should link to customer (1 ms)
      ΓêÜ should set invoice date
      ΓêÜ should set due date (1 ms)
    Invoice Items
      ΓêÜ should have line items (1 ms)
      ΓêÜ should calculate line total
      ΓêÜ should aggregate subtotal (1 ms)
      ΓêÜ should calculate tax amount (3 ms)
      ΓêÜ should calculate total with tax
    Invoice Amounts
      ΓêÜ should support zero-tax invoices (1 ms)
      ΓêÜ should support discounts (1 ms)
      ΓêÜ should handle multiple line items with different amounts
    Invoice Tracking
      ΓêÜ should track creation (1 ms)
      ΓêÜ should track creator (1 ms)
      ΓêÜ should track updates (1 ms)
      ΓêÜ should support audit trail (1 ms)
    Payment Processing
      ΓêÜ should record partial payment (2 ms)
      ΓêÜ should complete payment (1 ms)
      ΓêÜ should track payment method (1 ms)
      ΓêÜ should allow payment reversal
    Invoice Amendments
      ΓêÜ should support draft modifications
      ΓêÜ should allow issued invoice credit note (1 ms)
      ΓêÜ should prevent modification of paid invoice
    Business Context
      ΓêÜ should belong to specific business (1 ms)
      ΓêÜ should link to business customer (1 ms)
      ΓêÜ should respect business isolation
    Invoice Validation
      ΓêÜ should require customer (1 ms)
      ΓêÜ should require line items
      ΓêÜ should require positive amount (1 ms)
      ΓêÜ should require due date after invoice date (1 ms)

PASS hub-system-tests tests/integration/sales.test.js
  Sales Workflow Integration
    SO Creation to Shipment
      ΓêÜ should create SO and generate shipment (1 ms)
      ΓêÜ should track SO to delivery
    Multiple Orders
      ΓêÜ should manage multiple sales orders (1 ms)
    Sales Analytics
      ΓêÜ should calculate total sales value (1 ms)
      ΓêÜ should calculate average order value (1 ms)
    Backorder Handling
      ΓêÜ should handle items out of stock
      ΓêÜ should support partial fulfillment (1 ms)

PASS hub-system-tests tests/unit/payroll.test.js
  Payroll Service
    Payroll Period Management
      ΓêÜ should create valid payroll record (2 ms)
      ΓêÜ should have draft status by default
      ΓêÜ should follow YYYY-MM format for period (1 ms)
      ΓêÜ should support monthly payroll periods (1 ms)
      ΓêÜ should track created by user
    Payroll Calculations
      ΓêÜ should calculate gross pay (1 ms)
      ΓêÜ should calculate deductions
      ΓêÜ should calculate net pay
      ΓêÜ should handle zero deductions (1 ms)
      ΓêÜ should support variable deduction amounts
    Employee Tracking
      ΓêÜ should track employee count
      ΓêÜ should calculate average salary (3 ms)
      ΓêÜ should support variable employee counts (1 ms)
      ΓêÜ should allow employee list (1 ms)
    Payroll Status Tracking
      ΓêÜ should support draft status (1 ms)
      ΓêÜ should support approved status
      ΓêÜ should support processed status
      ΓêÜ should track processing date (1 ms)
      ΓêÜ should allow payroll reversal
    Payroll Validation
      ΓêÜ should reject negative gross pay
      ΓêÜ should reject deductions exceeding gross (1 ms)
      ΓêÜ should require period name (1 ms)
      ΓêÜ should require business association (1 ms)
    Payroll Reporting
      ΓêÜ should aggregate payroll data (1 ms)
      ΓêÜ should calculate quarterly totals (1 ms)
      ΓêÜ should calculate annual totals (1 ms)
      ΓêÜ should support YTD calculations (1 ms)
    Payroll Timestamps
      ΓêÜ should have creation timestamp
      ΓêÜ should have update timestamp (1 ms)
      ΓêÜ should track processing timestamp
    Business Context
      ΓêÜ should belong to specific business (1 ms)
      ΓêÜ should track creator
      ΓêÜ should support multi-business isolation

PASS hub-system-tests tests/unit/accounting.test.js
  Accounting Service
    Journal Entry Management
      ΓêÜ should generate valid journal entry (1 ms)
      ΓêÜ should have balanced debit and credit (1 ms)
      ΓêÜ should include multiple line items (1 ms)
      ΓêÜ should track posting user (1 ms)
      ΓêÜ should support custom overrides
      ΓêÜ should mark as not reversed by default
      ΓêÜ should have proper timestamps (1 ms)
    Chart of Accounts
      ΓêÜ should have valid account structure (1 ms)
      ΓêÜ should have valid account type
      ΓêÜ should mark system accounts (1 ms)
      ΓêÜ should have active status
      ΓêÜ should support account hierarchy (3 ms)
    Entry Validation
      ΓêÜ should reject unbalanced entries
      ΓêÜ should handle zero-value entries
      ΓêÜ should require account_id for each line (1 ms)
    Reconciliation Logic
      ΓêÜ should identify matching transactions (1 ms)
      ΓêÜ should track reversals
    Reporting Data
      ΓêÜ should aggregate debit balances (1 ms)
      ΓêÜ should aggregate credit balances (1 ms)
      ΓêÜ should verify accounting equation

Test Suites: 2 failed, 17 passed, 19 total
Tests:       2 failed, 500 passed, 502 total
Snapshots:   0 total
Time:        3.21 s, estimated 4 s
Ran all test suites.
